./travis/test/addr64x.asm:5: warning: byte displacement exceeds bounds [-w+number-overflow]
./travis/test/addr64x.asm:6: warning: byte displacement exceeds bounds [-w+number-overflow]
