./travis/test/br2030823.asm:2: warning: implicit DEFAULT ABS is deprecated [-w+implicit-abs-deprecated]
