./travis/test/br2496848.asm:8: warning: numeric constant 0x1ffffffffffffffff does not fit in 64 bits [-w+number-overflow]
./travis/test/br2496848.asm:10: warning: displacement size ignored on absolute address [-w+ea-dispsize]
./travis/test/br2496848.asm:16: warning: signed dword exceeds bounds [-w+number-overflow]
./travis/test/br2496848.asm:18: warning: absolute address can not be RIP-relative [-w+ea-absolute]
./travis/test/br2496848.asm:31: warning: byte displacement exceeds bounds [-w+number-overflow]
./travis/test/br2496848.asm:39: warning: byte displacement exceeds bounds [-w+number-overflow]
