./travis/test/floatx.asm:37: warning: overflow in floating-point constant [-w+float-overflow]
./travis/test/floatx.asm:73: warning: overflow in floating-point constant [-w+float-overflow]
./travis/test/floatx.asm:109: warning: overflow in floating-point constant [-w+float-overflow]
./travis/test/floatx.asm:145: warning: overflow in floating-point constant [-w+float-overflow]
./travis/test/floatx.asm:181: warning: overflow in floating-point constant [-w+float-overflow]
./travis/test/floatx.asm:212: warning: overflow in floating-point constant [-w+float-overflow]
./travis/test/floatx.asm:247: warning: overflow in floating-point constant [-w+float-overflow]
./travis/test/floatx.asm:282: warning: overflow in floating-point constant [-w+float-overflow]
./travis/test/floatx.asm:317: warning: overflow in floating-point constant [-w+float-overflow]
./travis/test/floatx.asm:352: warning: overflow in floating-point constant [-w+float-overflow]
./travis/test/floatx.asm:358: warning: $ prefix for hexadecimal is deprecated [-w+number-deprecated-hex]
./travis/test/floatx.asm:360: warning: $ prefix for hexadecimal is deprecated [-w+number-deprecated-hex]
./travis/test/floatx.asm:361: warning: $ prefix for hexadecimal is deprecated [-w+number-deprecated-hex]
./travis/test/floatx.asm:362: warning: $ prefix for hexadecimal is deprecated [-w+number-deprecated-hex]
./travis/test/floatx.asm:363: warning: $ prefix for hexadecimal is deprecated [-w+number-deprecated-hex]
./travis/test/floatx.asm:364: warning: $ prefix for hexadecimal is deprecated [-w+number-deprecated-hex]
./travis/test/floatx.asm:365: warning: $ prefix for hexadecimal is deprecated [-w+number-deprecated-hex]
./travis/test/floatx.asm:366: warning: $ prefix for hexadecimal is deprecated [-w+number-deprecated-hex]
./travis/test/floatx.asm:367: warning: $ prefix for hexadecimal is deprecated [-w+number-deprecated-hex]
./travis/test/floatx.asm:368: warning: $ prefix for hexadecimal is deprecated [-w+number-deprecated-hex]
./travis/test/floatx.asm:369: warning: $ prefix for hexadecimal is deprecated [-w+number-deprecated-hex]
./travis/test/floatx.asm:370: warning: $ prefix for hexadecimal is deprecated [-w+number-deprecated-hex]
./travis/test/floatx.asm:371: warning: $ prefix for hexadecimal is deprecated [-w+number-deprecated-hex]
./travis/test/floatx.asm:372: warning: $ prefix for hexadecimal is deprecated [-w+number-deprecated-hex]
./travis/test/floatx.asm:373: warning: $ prefix for hexadecimal is deprecated [-w+number-deprecated-hex]
./travis/test/floatx.asm:374: warning: $ prefix for hexadecimal is deprecated [-w+number-deprecated-hex]
./travis/test/floatx.asm:375: warning: $ prefix for hexadecimal is deprecated [-w+number-deprecated-hex]
./travis/test/floatx.asm:376: warning: $ prefix for hexadecimal is deprecated [-w+number-deprecated-hex]
./travis/test/floatx.asm:377: warning: $ prefix for hexadecimal is deprecated [-w+number-deprecated-hex]
./travis/test/floatx.asm:378: warning: $ prefix for hexadecimal is deprecated [-w+number-deprecated-hex]
./travis/test/floatx.asm:379: warning: $ prefix for hexadecimal is deprecated [-w+number-deprecated-hex]
./travis/test/floatx.asm:380: warning: $ prefix for hexadecimal is deprecated [-w+number-deprecated-hex]
./travis/test/floatx.asm:381: warning: $ prefix for hexadecimal is deprecated [-w+number-deprecated-hex]
./travis/test/floatx.asm:382: warning: $ prefix for hexadecimal is deprecated [-w+number-deprecated-hex]
./travis/test/floatx.asm:383: warning: $ prefix for hexadecimal is deprecated [-w+number-deprecated-hex]
./travis/test/floatx.asm:383: warning: overflow in floating-point constant [-w+float-overflow]
./travis/test/floatx.asm:389: warning: $ prefix for hexadecimal is deprecated [-w+number-deprecated-hex]
./travis/test/floatx.asm:391: warning: $ prefix for hexadecimal is deprecated [-w+number-deprecated-hex]
./travis/test/floatx.asm:392: warning: $ prefix for hexadecimal is deprecated [-w+number-deprecated-hex]
./travis/test/floatx.asm:393: warning: $ prefix for hexadecimal is deprecated [-w+number-deprecated-hex]
./travis/test/floatx.asm:394: warning: $ prefix for hexadecimal is deprecated [-w+number-deprecated-hex]
./travis/test/floatx.asm:395: warning: $ prefix for hexadecimal is deprecated [-w+number-deprecated-hex]
./travis/test/floatx.asm:396: warning: $ prefix for hexadecimal is deprecated [-w+number-deprecated-hex]
./travis/test/floatx.asm:397: warning: $ prefix for hexadecimal is deprecated [-w+number-deprecated-hex]
./travis/test/floatx.asm:398: warning: $ prefix for hexadecimal is deprecated [-w+number-deprecated-hex]
./travis/test/floatx.asm:399: warning: $ prefix for hexadecimal is deprecated [-w+number-deprecated-hex]
./travis/test/floatx.asm:400: warning: $ prefix for hexadecimal is deprecated [-w+number-deprecated-hex]
./travis/test/floatx.asm:401: warning: $ prefix for hexadecimal is deprecated [-w+number-deprecated-hex]
./travis/test/floatx.asm:402: warning: $ prefix for hexadecimal is deprecated [-w+number-deprecated-hex]
./travis/test/floatx.asm:403: warning: $ prefix for hexadecimal is deprecated [-w+number-deprecated-hex]
./travis/test/floatx.asm:404: warning: $ prefix for hexadecimal is deprecated [-w+number-deprecated-hex]
./travis/test/floatx.asm:405: warning: $ prefix for hexadecimal is deprecated [-w+number-deprecated-hex]
./travis/test/floatx.asm:406: warning: $ prefix for hexadecimal is deprecated [-w+number-deprecated-hex]
./travis/test/floatx.asm:407: warning: $ prefix for hexadecimal is deprecated [-w+number-deprecated-hex]
./travis/test/floatx.asm:408: warning: $ prefix for hexadecimal is deprecated [-w+number-deprecated-hex]
./travis/test/floatx.asm:409: warning: $ prefix for hexadecimal is deprecated [-w+number-deprecated-hex]
./travis/test/floatx.asm:410: warning: $ prefix for hexadecimal is deprecated [-w+number-deprecated-hex]
./travis/test/floatx.asm:411: warning: $ prefix for hexadecimal is deprecated [-w+number-deprecated-hex]
./travis/test/floatx.asm:412: warning: $ prefix for hexadecimal is deprecated [-w+number-deprecated-hex]
./travis/test/floatx.asm:413: warning: $ prefix for hexadecimal is deprecated [-w+number-deprecated-hex]
./travis/test/floatx.asm:414: warning: $ prefix for hexadecimal is deprecated [-w+number-deprecated-hex]
./travis/test/floatx.asm:415: warning: $ prefix for hexadecimal is deprecated [-w+number-deprecated-hex]
./travis/test/floatx.asm:416: warning: $ prefix for hexadecimal is deprecated [-w+number-deprecated-hex]
./travis/test/floatx.asm:417: warning: $ prefix for hexadecimal is deprecated [-w+number-deprecated-hex]
./travis/test/floatx.asm:418: warning: $ prefix for hexadecimal is deprecated [-w+number-deprecated-hex]
./travis/test/floatx.asm:418: warning: overflow in floating-point constant [-w+float-overflow]
./travis/test/floatx.asm:424: warning: $ prefix for hexadecimal is deprecated [-w+number-deprecated-hex]
./travis/test/floatx.asm:426: warning: $ prefix for hexadecimal is deprecated [-w+number-deprecated-hex]
./travis/test/floatx.asm:427: warning: $ prefix for hexadecimal is deprecated [-w+number-deprecated-hex]
./travis/test/floatx.asm:428: warning: $ prefix for hexadecimal is deprecated [-w+number-deprecated-hex]
./travis/test/floatx.asm:429: warning: $ prefix for hexadecimal is deprecated [-w+number-deprecated-hex]
./travis/test/floatx.asm:430: warning: $ prefix for hexadecimal is deprecated [-w+number-deprecated-hex]
./travis/test/floatx.asm:431: warning: $ prefix for hexadecimal is deprecated [-w+number-deprecated-hex]
./travis/test/floatx.asm:432: warning: $ prefix for hexadecimal is deprecated [-w+number-deprecated-hex]
./travis/test/floatx.asm:433: warning: $ prefix for hexadecimal is deprecated [-w+number-deprecated-hex]
./travis/test/floatx.asm:434: warning: $ prefix for hexadecimal is deprecated [-w+number-deprecated-hex]
./travis/test/floatx.asm:435: warning: $ prefix for hexadecimal is deprecated [-w+number-deprecated-hex]
./travis/test/floatx.asm:436: warning: $ prefix for hexadecimal is deprecated [-w+number-deprecated-hex]
./travis/test/floatx.asm:437: warning: $ prefix for hexadecimal is deprecated [-w+number-deprecated-hex]
./travis/test/floatx.asm:438: warning: $ prefix for hexadecimal is deprecated [-w+number-deprecated-hex]
./travis/test/floatx.asm:439: warning: $ prefix for hexadecimal is deprecated [-w+number-deprecated-hex]
./travis/test/floatx.asm:440: warning: $ prefix for hexadecimal is deprecated [-w+number-deprecated-hex]
./travis/test/floatx.asm:441: warning: $ prefix for hexadecimal is deprecated [-w+number-deprecated-hex]
./travis/test/floatx.asm:442: warning: $ prefix for hexadecimal is deprecated [-w+number-deprecated-hex]
./travis/test/floatx.asm:443: warning: $ prefix for hexadecimal is deprecated [-w+number-deprecated-hex]
./travis/test/floatx.asm:444: warning: $ prefix for hexadecimal is deprecated [-w+number-deprecated-hex]
./travis/test/floatx.asm:445: warning: $ prefix for hexadecimal is deprecated [-w+number-deprecated-hex]
./travis/test/floatx.asm:446: warning: $ prefix for hexadecimal is deprecated [-w+number-deprecated-hex]
./travis/test/floatx.asm:447: warning: $ prefix for hexadecimal is deprecated [-w+number-deprecated-hex]
./travis/test/floatx.asm:448: warning: $ prefix for hexadecimal is deprecated [-w+number-deprecated-hex]
./travis/test/floatx.asm:449: warning: $ prefix for hexadecimal is deprecated [-w+number-deprecated-hex]
./travis/test/floatx.asm:450: warning: $ prefix for hexadecimal is deprecated [-w+number-deprecated-hex]
./travis/test/floatx.asm:451: warning: $ prefix for hexadecimal is deprecated [-w+number-deprecated-hex]
./travis/test/floatx.asm:452: warning: $ prefix for hexadecimal is deprecated [-w+number-deprecated-hex]
./travis/test/floatx.asm:453: warning: $ prefix for hexadecimal is deprecated [-w+number-deprecated-hex]
./travis/test/floatx.asm:453: warning: overflow in floating-point constant [-w+float-overflow]
./travis/test/floatx.asm:459: warning: $ prefix for hexadecimal is deprecated [-w+number-deprecated-hex]
./travis/test/floatx.asm:461: warning: $ prefix for hexadecimal is deprecated [-w+number-deprecated-hex]
./travis/test/floatx.asm:462: warning: $ prefix for hexadecimal is deprecated [-w+number-deprecated-hex]
./travis/test/floatx.asm:463: warning: $ prefix for hexadecimal is deprecated [-w+number-deprecated-hex]
./travis/test/floatx.asm:464: warning: $ prefix for hexadecimal is deprecated [-w+number-deprecated-hex]
./travis/test/floatx.asm:465: warning: $ prefix for hexadecimal is deprecated [-w+number-deprecated-hex]
./travis/test/floatx.asm:466: warning: $ prefix for hexadecimal is deprecated [-w+number-deprecated-hex]
./travis/test/floatx.asm:467: warning: $ prefix for hexadecimal is deprecated [-w+number-deprecated-hex]
./travis/test/floatx.asm:468: warning: $ prefix for hexadecimal is deprecated [-w+number-deprecated-hex]
./travis/test/floatx.asm:469: warning: $ prefix for hexadecimal is deprecated [-w+number-deprecated-hex]
./travis/test/floatx.asm:470: warning: $ prefix for hexadecimal is deprecated [-w+number-deprecated-hex]
./travis/test/floatx.asm:471: warning: $ prefix for hexadecimal is deprecated [-w+number-deprecated-hex]
./travis/test/floatx.asm:472: warning: $ prefix for hexadecimal is deprecated [-w+number-deprecated-hex]
./travis/test/floatx.asm:473: warning: $ prefix for hexadecimal is deprecated [-w+number-deprecated-hex]
./travis/test/floatx.asm:474: warning: $ prefix for hexadecimal is deprecated [-w+number-deprecated-hex]
./travis/test/floatx.asm:475: warning: $ prefix for hexadecimal is deprecated [-w+number-deprecated-hex]
./travis/test/floatx.asm:476: warning: $ prefix for hexadecimal is deprecated [-w+number-deprecated-hex]
./travis/test/floatx.asm:477: warning: $ prefix for hexadecimal is deprecated [-w+number-deprecated-hex]
./travis/test/floatx.asm:478: warning: $ prefix for hexadecimal is deprecated [-w+number-deprecated-hex]
./travis/test/floatx.asm:479: warning: $ prefix for hexadecimal is deprecated [-w+number-deprecated-hex]
./travis/test/floatx.asm:480: warning: $ prefix for hexadecimal is deprecated [-w+number-deprecated-hex]
./travis/test/floatx.asm:481: warning: $ prefix for hexadecimal is deprecated [-w+number-deprecated-hex]
./travis/test/floatx.asm:482: warning: $ prefix for hexadecimal is deprecated [-w+number-deprecated-hex]
./travis/test/floatx.asm:483: warning: $ prefix for hexadecimal is deprecated [-w+number-deprecated-hex]
./travis/test/floatx.asm:484: warning: $ prefix for hexadecimal is deprecated [-w+number-deprecated-hex]
./travis/test/floatx.asm:485: warning: $ prefix for hexadecimal is deprecated [-w+number-deprecated-hex]
./travis/test/floatx.asm:486: warning: $ prefix for hexadecimal is deprecated [-w+number-deprecated-hex]
./travis/test/floatx.asm:487: warning: $ prefix for hexadecimal is deprecated [-w+number-deprecated-hex]
./travis/test/floatx.asm:488: warning: $ prefix for hexadecimal is deprecated [-w+number-deprecated-hex]
./travis/test/floatx.asm:488: warning: overflow in floating-point constant [-w+float-overflow]
./travis/test/floatx.asm:494: warning: $ prefix for hexadecimal is deprecated [-w+number-deprecated-hex]
./travis/test/floatx.asm:496: warning: $ prefix for hexadecimal is deprecated [-w+number-deprecated-hex]
./travis/test/floatx.asm:497: warning: $ prefix for hexadecimal is deprecated [-w+number-deprecated-hex]
./travis/test/floatx.asm:498: warning: $ prefix for hexadecimal is deprecated [-w+number-deprecated-hex]
./travis/test/floatx.asm:499: warning: $ prefix for hexadecimal is deprecated [-w+number-deprecated-hex]
./travis/test/floatx.asm:500: warning: $ prefix for hexadecimal is deprecated [-w+number-deprecated-hex]
./travis/test/floatx.asm:501: warning: $ prefix for hexadecimal is deprecated [-w+number-deprecated-hex]
./travis/test/floatx.asm:502: warning: $ prefix for hexadecimal is deprecated [-w+number-deprecated-hex]
./travis/test/floatx.asm:503: warning: $ prefix for hexadecimal is deprecated [-w+number-deprecated-hex]
./travis/test/floatx.asm:504: warning: $ prefix for hexadecimal is deprecated [-w+number-deprecated-hex]
./travis/test/floatx.asm:505: warning: $ prefix for hexadecimal is deprecated [-w+number-deprecated-hex]
./travis/test/floatx.asm:506: warning: $ prefix for hexadecimal is deprecated [-w+number-deprecated-hex]
./travis/test/floatx.asm:507: warning: $ prefix for hexadecimal is deprecated [-w+number-deprecated-hex]
./travis/test/floatx.asm:508: warning: $ prefix for hexadecimal is deprecated [-w+number-deprecated-hex]
./travis/test/floatx.asm:509: warning: $ prefix for hexadecimal is deprecated [-w+number-deprecated-hex]
./travis/test/floatx.asm:510: warning: $ prefix for hexadecimal is deprecated [-w+number-deprecated-hex]
./travis/test/floatx.asm:511: warning: $ prefix for hexadecimal is deprecated [-w+number-deprecated-hex]
./travis/test/floatx.asm:512: warning: $ prefix for hexadecimal is deprecated [-w+number-deprecated-hex]
./travis/test/floatx.asm:513: warning: $ prefix for hexadecimal is deprecated [-w+number-deprecated-hex]
./travis/test/floatx.asm:514: warning: $ prefix for hexadecimal is deprecated [-w+number-deprecated-hex]
./travis/test/floatx.asm:515: warning: $ prefix for hexadecimal is deprecated [-w+number-deprecated-hex]
./travis/test/floatx.asm:516: warning: $ prefix for hexadecimal is deprecated [-w+number-deprecated-hex]
./travis/test/floatx.asm:517: warning: $ prefix for hexadecimal is deprecated [-w+number-deprecated-hex]
./travis/test/floatx.asm:518: warning: $ prefix for hexadecimal is deprecated [-w+number-deprecated-hex]
./travis/test/floatx.asm:519: warning: $ prefix for hexadecimal is deprecated [-w+number-deprecated-hex]
./travis/test/floatx.asm:520: warning: $ prefix for hexadecimal is deprecated [-w+number-deprecated-hex]
./travis/test/floatx.asm:521: warning: $ prefix for hexadecimal is deprecated [-w+number-deprecated-hex]
./travis/test/floatx.asm:522: warning: $ prefix for hexadecimal is deprecated [-w+number-deprecated-hex]
./travis/test/floatx.asm:523: warning: $ prefix for hexadecimal is deprecated [-w+number-deprecated-hex]
./travis/test/floatx.asm:523: warning: overflow in floating-point constant [-w+float-overflow]
