./travis/test/immwarn.asm:13: warning: word exceeds bounds [-w+number-overflow]
./travis/test/immwarn.asm:21: warning: word exceeds bounds [-w+number-overflow]
./travis/test/immwarn.asm:26: warning: signed byte exceeds bounds [-w+number-overflow]
./travis/test/immwarn.asm:32: warning: word exceeds bounds [-w+number-overflow]
./travis/test/immwarn.asm:37: warning: signed byte exceeds bounds [-w+number-overflow]
./travis/test/immwarn.asm:49: warning: signed byte exceeds bounds [-w+number-overflow]
./travis/test/immwarn.asm:79: warning: signed dword exceeds bounds [-w+number-overflow]
./travis/test/immwarn.asm:89: warning: signed byte exceeds bounds [-w+number-overflow]
