./travis/test/lar_lsl.asm:98: warning: implicit DEFAULT ABS is deprecated [-w+implicit-abs-deprecated]
./travis/test/lar_lsl.asm:81: ... from macro `m' defined here
