./travis/test/mmxsize.asm:19: warning: implicit DEFAULT ABS is deprecated [-w+implicit-abs-deprecated]
