./travis/test/movd64.asm:11: error: invalid operand sizes for instruction
./travis/test/movd64.asm:17: error: invalid combination of opcode and operands
