./travis/test/movimm.asm:6: warning: dword exceeds bounds [-w+number-overflow]
./travis/test/movimm.asm:7: warning: signed dword exceeds bounds [-w+number-overflow]
./travis/test/movimm.asm:9: warning: dword exceeds bounds [-w+number-overflow]
./travis/test/movimm.asm:10: warning: signed dword exceeds bounds [-w+number-overflow]
./travis/test/movimm.asm:11: warning: dword exceeds bounds [-w+number-overflow]
./travis/test/movimm.asm:12: warning: signed dword exceeds bounds [-w+number-overflow]
./travis/test/movimm.asm:15: warning: dword exceeds bounds [-w+number-overflow]
