./travis/test/mpx-64.asm:5: warning: implicit DEFAULT ABS is deprecated [-w+implicit-abs-deprecated]
