./travis/test/org.asm:5: error: instruction expected, found `org 0xffffffffffff0000'
