./travis/test/radix.asm:24: warning: $ prefix for hexadecimal is deprecated [-w+number-deprecated-hex]
