./travis/test/ssesize.asm:3: warning: implicit DEFAULT ABS is deprecated [-w+implicit-abs-deprecated]
