./travis/test/test67.asm:27: warning: implicit DEFAULT ABS is deprecated [-w+implicit-abs-deprecated]
