./travis/test/uscore.asm:6: warning: $ prefix for hexadecimal is deprecated [-w+number-deprecated-hex]
./travis/test/uscore.asm:7: warning: $ prefix for hexadecimal is deprecated [-w+number-deprecated-hex]
