./travis/test/vmread.asm:8: warning: implicit DEFAULT ABS is deprecated [-w+implicit-abs-deprecated]
