./travis/test/vmread.asm:8: warning: implicit DEFAULT ABS is deprecated [-w+implicit-abs-deprecated]
./travis/test/vmread.asm:15: error: invalid operand sizes for instruction
./travis/test/vmread.asm:16: error: invalid operand sizes for instruction
./travis/test/vmread.asm:19: error: instruction not supported in 64-bit mode
./travis/test/vmread.asm:20: error: instruction not supported in 64-bit mode
./travis/test/vmread.asm:22: error: invalid operand sizes for instruction
./travis/test/vmread.asm:23: error: invalid operand sizes for instruction
