./travis/test/vmx.asm:6: warning: implicit DEFAULT ABS is deprecated [-w+implicit-abs-deprecated]
